﻿
> hr-activity-recommender@0.1.0 build
> vite build

[36mvite v6.4.1 [32mbuilding for production...[36m[39m
[32mÔ£ô[39m 0 modules transformed.
node.exe : [31mÔ£ù[39m 
Build failed in 35ms
Au caractère C:\Program 
Files\nodejs\npm.ps1:29 : 3
+   & $NODE_EXE $NPM_CLI_JS 
$args
+   ~~~~~~~~~~~~~~~~~~~~~~~~
~~~~~
    + CategoryInfo          
    : NotSpecified: ([31m  
  Ô£ù[39m Build failed i   
 n 35ms:String) [], Remo    
teException
    + FullyQualifiedErrorId 
    : NativeCommandError
 
[31merror during build:
[31m[vite:build-html] 
Transform failed with 1 
error:
C:/Users/monta/Downloads/hr-
activity-recommender 
(3)/src/main.jsx:9:5: 
ERROR: Expected identifier 
but found "/"[31m
file: [36mC:/Users/monta/Do
wnloads/hr-activity-recommen
der (3)/src/main.jsx:9:5 (C:
/Users/monta/Downloads/hr-ac
tivity-recommender 
(3)/index.html)[31m
[33m
[33mExpected identifier 
but found "/"[33m
7  |      
8  |          
9  |      
</React.StrictMode>
   |       ^
10 |  )
11 |  
[31m
    at failureErrorWithLog (
C:\Users\monta\Downloads\hr-
activity-recommender (3)\nod
e_modules\esbuild\lib\main.j
s:1467:15)
    at C:\Users\monta\Downlo
ads\hr-activity-recommender 
(3)\node_modules\esbuild\lib
\main.js:736:50
    at responseCallbacks.<co
mputed> (C:\Users\monta\Down
loads\hr-activity-recommende
r (3)\node_modules\esbuild\l
ib\main.js:603:9)
    at handleIncomingPacket 
(C:\Users\monta\Downloads\hr
-activity-recommender (3)\no
de_modules\esbuild\lib\main.
js:658:12)
    at 
Socket.readFromStdout (C:\Us
ers\monta\Downloads\hr-activ
ity-recommender (3)\node_mod
ules\esbuild\lib\main.js:581
:7)
    at Socket.emit 
(node:events:518:28)
    at addChunk (node:intern
al/streams/readable:561:12)
    at readableAddChunkPushB
yteMode (node:internal/strea
ms/readable:512:3)
    at Readable.push (node:i
nternal/streams/readable:392
:5)
    at Pipe.onStreamRead (no
de:internal/stream_base_comm
ons:189:23)[39m
